
Memory Configuration

Name             Origin             Length             Attributes
Mem              0x00000000         0x04000000         xrw
*default*        0x00000000         0xffffffff

Linker script and memory map

                0x00010000                . = 0x10000

.startup        0x00000000       0x10
 startup.o(.text)
 .text          0x00000000       0x10 startup.o
                0x00000000                reset

.text           0x00000010       0x84
 *(.text)
 .text          0x00000010       0x30 app.o
                0x00000010                main
 .text          0x00000040       0x54 uart.o
                0x00000040                uart_send_string
 *(.rodata)

.glue_7         0x00000094        0x0
 .glue_7        0x00000094        0x0 linker stubs

.glue_7t        0x00000094        0x0
 .glue_7t       0x00000094        0x0 linker stubs

.vfp11_veneer   0x00000094        0x0
 .vfp11_veneer  0x00000094        0x0 linker stubs

.v4_bx          0x00000094        0x0
 .v4_bx         0x00000094        0x0 linker stubs

.iplt           0x00000094        0x0
 .iplt          0x00000094        0x0 startup.o

.rel.dyn        0x00000094        0x0
 .rel.iplt      0x00000094        0x0 startup.o

.data           0x00000094       0x64
 *(.data)
 .data          0x00000094        0x0 startup.o
 .data          0x00000094       0x64 app.o
                0x00000094                string_buffer
 .data          0x000000f8        0x0 uart.o

.igot.plt       0x000000f8        0x0
 .igot.plt      0x000000f8        0x0 startup.o

.bss            0x000000f8        0x0
 *(.bss)
 .bss           0x000000f8        0x0 startup.o
 .bss           0x000000f8        0x0 app.o
 .bss           0x000000f8        0x0 uart.o
                0x000010f8                . = (. + 0x1000)
                0x000010f8                stack_top = .
LOAD app.o
LOAD uart.o
LOAD startup.o
OUTPUT(ghazal.elf elf32-littlearm)

.ARM.attributes
                0x00000000       0x2e
 .ARM.attributes
                0x00000000       0x22 startup.o
 .ARM.attributes
                0x00000022       0x32 app.o
 .ARM.attributes
                0x00000054       0x32 uart.o

.comment        0x00000000       0x7e
 .comment       0x00000000       0x7e app.o
                                 0x7f (size before relaxing)
 .comment       0x0000007e       0x7f uart.o

.debug_line     0x00000000       0xa9
 .debug_line    0x00000000       0x3a startup.o
 .debug_line    0x0000003a       0x36 app.o
 .debug_line    0x00000070       0x39 uart.o

.debug_info     0x00000000      0x127
 .debug_info    0x00000000       0x26 startup.o
 .debug_info    0x00000026       0xaa app.o
 .debug_info    0x000000d0       0x57 uart.o

.debug_abbrev   0x00000000       0xed
 .debug_abbrev  0x00000000       0x14 startup.o
 .debug_abbrev  0x00000014       0x88 app.o
 .debug_abbrev  0x0000009c       0x51 uart.o

.debug_aranges  0x00000000       0x60
 .debug_aranges
                0x00000000       0x20 startup.o
 .debug_aranges
                0x00000020       0x20 app.o
 .debug_aranges
                0x00000040       0x20 uart.o

.debug_str      0x00000000      0x126
 .debug_str     0x00000000       0x67 startup.o
 .debug_str     0x00000067       0x9b app.o
                                 0xee (size before relaxing)
 .debug_str     0x00000102       0x24 uart.o
                                 0xdd (size before relaxing)

.debug_frame    0x00000000       0x60
 .debug_frame   0x00000000       0x30 app.o
 .debug_frame   0x00000030       0x30 uart.o
