
Memory Configuration

Name             Origin             Length             Attributes
flash            0x08000000         0x00020000         xr
sram             0x20000000         0x00005000         xrw
*default*        0x00000000         0xffffffff

Linker script and memory map


.text           0x08000000      0x127
 *(.vectors*)
 .vectors       0x08000000       0x1c startup.o
                0x08000000                vectors
 *(.text*)
 .text          0x0800001c       0x78 main.o
                0x0800001c                main
 .text          0x08000094       0x90 startup.o
                0x08000094                Reset_Handler
                0x08000118                MM_Fault_Handler
                0x08000118                Bus_Fault
                0x08000118                H_fault_Handler
                0x08000118                Usage_Fault_Handler
                0x08000118                Default_handler
                0x08000118                NMI_Handler
 *(.rodata)
 .rodata        0x08000124        0x3 main.o
                0x08000124                const_variables
                0x08000127                _E_text = .

.glue_7         0x08000128        0x0
 .glue_7        0x08000128        0x0 linker stubs

.glue_7t        0x08000128        0x0
 .glue_7t       0x08000128        0x0 linker stubs

.vfp11_veneer   0x08000128        0x0
 .vfp11_veneer  0x08000128        0x0 linker stubs

.v4_bx          0x08000128        0x0
 .v4_bx         0x08000128        0x0 linker stubs

.iplt           0x08000128        0x0
 .iplt          0x08000128        0x0 main.o

.rel.dyn        0x08000128        0x0
 .rel.iplt      0x08000128        0x0 main.o

.data           0x20000000       0x10 load address 0x08000127
                0x20000000                _S_data = .
 *(.data)
 .data          0x20000000        0xf main.o
                0x20000000                APB2ENR
                0x20000004                CRH
                0x20000008                PORTA
                0x2000000c                g_variables
 .data          0x2000000f        0x0 startup.o
                0x20000010                . = ALIGN (0x4)
 *fill*         0x2000000f        0x1 
                0x20000010                _E_data = .

.igot.plt       0x20000010        0x0 load address 0x08000137
 .igot.plt      0x20000010        0x0 main.o

.bss            0x20000010     0x1000 load address 0x08000137
                0x20000010                _S_bss = .
 *(.bss*)
 .bss           0x20000010        0x0 main.o
 .bss           0x20000010        0x0 startup.o
                0x20000010                . = ALIGN (0x4)
                0x20000010                _E_bss = .
                0x20001010                . = (. + 0x1000)
 *fill*         0x20000010     0x1000 
                0x20001010                _stack_top = .
LOAD main.o
LOAD startup.o
OUTPUT(Toggle_LED_Cortex_m3.elf elf32-littlearm)

.debug_info     0x00000000      0x4f5
 .debug_info    0x00000000      0x38a main.o
 .debug_info    0x0000038a      0x16b startup.o

.debug_abbrev   0x00000000      0x1ae
 .debug_abbrev  0x00000000       0xee main.o
 .debug_abbrev  0x000000ee       0xc0 startup.o

.debug_loc      0x00000000       0xb4
 .debug_loc     0x00000000       0x38 main.o
 .debug_loc     0x00000038       0x7c startup.o

.debug_aranges  0x00000000       0x40
 .debug_aranges
                0x00000000       0x20 main.o
 .debug_aranges
                0x00000020       0x20 startup.o

.debug_line     0x00000000      0x267
 .debug_line    0x00000000      0x12b main.o
 .debug_line    0x0000012b      0x13c startup.o

.debug_str      0x00000000      0x29c
 .debug_str     0x00000000      0x21c main.o
                                0x259 (size before relaxing)
 .debug_str     0x0000021c       0x80 startup.o
                                0x1dc (size before relaxing)

.comment        0x00000000       0x7e
 .comment       0x00000000       0x7e main.o
                                 0x7f (size before relaxing)
 .comment       0x0000007e       0x7f startup.o

.ARM.attributes
                0x00000000       0x33
 .ARM.attributes
                0x00000000       0x33 main.o
 .ARM.attributes
                0x00000033       0x33 startup.o

.debug_frame    0x00000000       0x7c
 .debug_frame   0x00000000       0x2c main.o
 .debug_frame   0x0000002c       0x50 startup.o
