
Memory Configuration

Name             Origin             Length             Attributes
flash            0x08000000         0x00020000         xr
sram             0x20000000         0x00005000         xrw
*default*        0x00000000         0xffffffff

Linker script and memory map


.text           0x08000000       0xd3
 *(.vectors*)
 .vectors       0x08000000       0x50 Startup.o
 *(.text*)
 .text          0x08000050       0x78 main.o
                0x08000050                main
 .text          0x080000c8        0x8 Startup.o
 *(.rodata)
 .rodata        0x080000d0        0x3 main.o
                0x080000d0                const_variables

.glue_7         0x080000d4        0x0
 .glue_7        0x080000d4        0x0 linker stubs

.glue_7t        0x080000d4        0x0
 .glue_7t       0x080000d4        0x0 linker stubs

.vfp11_veneer   0x080000d4        0x0
 .vfp11_veneer  0x080000d4        0x0 linker stubs

.v4_bx          0x080000d4        0x0
 .v4_bx         0x080000d4        0x0 linker stubs

.iplt           0x080000d4        0x0
 .iplt          0x080000d4        0x0 main.o

.rel.dyn        0x080000d4        0x0
 .rel.iplt      0x080000d4        0x0 main.o

.data           0x080000d4        0xf
 *(.data)
 .data          0x080000d4        0xf main.o
                0x080000d4                APB2ENR
                0x080000d8                CRH
                0x080000dc                PORTA
                0x080000e0                g_variables
 .data          0x080000e3        0x0 Startup.o

.igot.plt       0x080000e4        0x0
 .igot.plt      0x080000e4        0x0 main.o

.bss            0x20000000        0x0
 *(.bss)
 .bss           0x20000000        0x0 main.o
 .bss           0x20000000        0x0 Startup.o
LOAD main.o
LOAD Startup.o
OUTPUT(Toggle_LED_Cortex_m3.elf elf32-littlearm)

.debug_info     0x00000000      0x3b0
 .debug_info    0x00000000      0x38a main.o
 .debug_info    0x0000038a       0x26 Startup.o

.debug_abbrev   0x00000000      0x102
 .debug_abbrev  0x00000000       0xee main.o
 .debug_abbrev  0x000000ee       0x14 Startup.o

.debug_loc      0x00000000       0x38
 .debug_loc     0x00000000       0x38 main.o

.debug_aranges  0x00000000       0x40
 .debug_aranges
                0x00000000       0x20 main.o
 .debug_aranges
                0x00000020       0x20 Startup.o

.debug_line     0x00000000      0x166
 .debug_line    0x00000000      0x12b main.o
 .debug_line    0x0000012b       0x3b Startup.o

.debug_str      0x00000000      0x230
 .debug_str     0x00000000      0x217 main.o
                                0x254 (size before relaxing)
 .debug_str     0x00000217       0x19 Startup.o
                                 0x6d (size before relaxing)

.comment        0x00000000       0x7e
 .comment       0x00000000       0x7e main.o
                                 0x7f (size before relaxing)

.ARM.attributes
                0x00000000       0x31
 .ARM.attributes
                0x00000000       0x33 main.o
 .ARM.attributes
                0x00000033       0x21 Startup.o

.debug_frame    0x00000000       0x2c
 .debug_frame   0x00000000       0x2c main.o
