
Allocating common symbols
Common symbol       size              file

pf_main_algorithm   0x4               main_algo.o
pressure_sensore_driver_stateID
                    0x1               main.o
pf_alarm_monitor    0x4               alarm_monitor.o
alarm_actuator_stateID
                    0x1               alarm_driver.o
pf_Pressure_Sensor  0x4               pressure_sensor_driver.o
main_algo_stateID   0x1               main.o
pf_alarm_actuator   0x4               alarm_driver.o
stack_top           0x400             startup.o
pressure_value      0x4               pressure_sensor_driver.o
alarm_monitor_stateID
                    0x1               alarm_monitor.o

Memory Configuration

Name             Origin             Length             Attributes
Flash            0x08000000         0x00020000         xr
SRam             0x20000000         0x00005000         xrw
*default*        0x00000000         0xffffffff

Linker script and memory map


.text           0x08000000      0x480
                0x08000000                . = ALIGN (0x4)
                0x08000000                S_Text = .
 *(.vectors*)
 .vectors       0x08000000       0x1c startup.o
                0x08000000                vector_arr
 *(.text*)
 .text          0x0800001c       0xcc alarm_driver.o
                0x0800001c                ST_alarm_actuator_init
                0x08000044                ST_alarm_actuator_waiting
                0x08000068                ST_alarm_actuator_turn_on
                0x0800008c                ST_alarm_actuator_turn_off
                0x080000b0                Start_Alarm
                0x080000cc                Stop_Alarm
 .text          0x080000e8       0x98 alarm_monitor.o
                0x080000e8                ST_alarm_monitor_init
                0x0800010c                ST_AM_monitor
                0x08000130                ST_AM_alarm_on
                0x08000164                detect_high_pressure
 .text          0x08000180       0xc4 driver.o
                0x08000180                Delay
                0x080001a0                getPressureVal
                0x080001b8                Set_Alarm_actuator
                0x080001f4                GPIO_INITIALIZATION
 .text          0x08000244       0x7c main.o
                0x08000244                setup
                0x08000288                main
 .text          0x080002c0       0xac main_algo.o
                0x080002c0                ST_main_algo_init
                0x080002e4                ST_main_algo_waiting
                0x08000308                ST_main_algo_detect
                0x08000340                set_pressure_value
 .text          0x0800036c       0x84 pressure_sensor_driver.o
                0x0800036c                ST_pressure_sensore_driver_init
                0x08000390                ST_pressure_sensore_driver_read
                0x080003cc                ST_pressure_sensore_driver_waiting
 .text          0x080003f0       0x90 startup.o
                0x080003f0                H_Fault_Handler
                0x080003f0                MM_Fault_Handler
                0x080003f0                Bus_Fault
                0x080003f0                Usage_Fault_Handler
                0x080003f0                Default_Handler
                0x080003f0                NMI_Handler
                0x080003fc                Reset
 *(.rodata*)
                0x08000480                E_Text = .

.glue_7         0x08000480        0x0
 .glue_7        0x08000480        0x0 linker stubs

.glue_7t        0x08000480        0x0
 .glue_7t       0x08000480        0x0 linker stubs

.vfp11_veneer   0x08000480        0x0
 .vfp11_veneer  0x08000480        0x0 linker stubs

.v4_bx          0x08000480        0x0
 .v4_bx         0x08000480        0x0 linker stubs

.iplt           0x08000480        0x0
 .iplt          0x08000480        0x0 alarm_driver.o

.rel.dyn        0x08000480        0x0
 .rel.iplt      0x08000480        0x0 alarm_driver.o

.data           0x20000000        0x4 load address 0x08000480
                0x20000000                . = ALIGN (0x4)
                0x20000000                S_Data = .
 *(.data*)
 .data          0x20000000        0x0 alarm_driver.o
 .data          0x20000000        0x0 alarm_monitor.o
 .data          0x20000000        0x0 driver.o
 .data          0x20000000        0x0 main.o
 .data          0x20000000        0x4 main_algo.o
                0x20000000                threshold
 .data          0x20000004        0x0 pressure_sensor_driver.o
 .data          0x20000004        0x0 startup.o
                0x20000004                E_Data = .

.igot.plt       0x20000004        0x0 load address 0x08000484
 .igot.plt      0x20000004        0x0 alarm_driver.o

.bss            0x20000004      0x420 load address 0x08000484
                0x20000004                . = ALIGN (0x4)
                0x20000004                S_Bss = .
 *(.bss*)
 .bss           0x20000004        0x0 alarm_driver.o
 .bss           0x20000004        0x0 alarm_monitor.o
 .bss           0x20000004        0x0 driver.o
 .bss           0x20000004        0x0 main.o
 .bss           0x20000004        0x4 main_algo.o
                0x20000004                pressure_detect
 .bss           0x20000008        0x0 pressure_sensor_driver.o
 .bss           0x20000008        0x0 startup.o
 *(.COMMON)
                0x20000008                E_Bss = .
 COMMON         0x20000008        0x8 alarm_driver.o
                0x20000008                alarm_actuator_stateID
                0x2000000c                pf_alarm_actuator
 COMMON         0x20000010        0x5 alarm_monitor.o
                0x20000010                pf_alarm_monitor
                0x20000014                alarm_monitor_stateID
 COMMON         0x20000015        0x2 main.o
                0x20000015                pressure_sensore_driver_stateID
                0x20000016                main_algo_stateID
 *fill*         0x20000017        0x1 
 COMMON         0x20000018        0x4 main_algo.o
                0x20000018                pf_main_algorithm
 COMMON         0x2000001c        0x8 pressure_sensor_driver.o
                0x2000001c                pf_Pressure_Sensor
                0x20000020                pressure_value
 COMMON         0x20000024      0x400 startup.o
                0x20000024                stack_top
LOAD alarm_driver.o
LOAD alarm_monitor.o
LOAD driver.o
LOAD main.o
LOAD main_algo.o
LOAD pressure_sensor_driver.o
LOAD startup.o
OUTPUT(pressure_controller_M3.elf elf32-littlearm)

.debug_info     0x00000000     0x1226
 .debug_info    0x00000000      0x157 alarm_driver.o
 .debug_info    0x00000157      0x127 alarm_monitor.o
 .debug_info    0x0000027e       0xfc driver.o
 .debug_info    0x0000037a      0xac1 main.o
 .debug_info    0x00000e3b      0x15f main_algo.o
 .debug_info    0x00000f9a      0x12f pressure_sensor_driver.o
 .debug_info    0x000010c9      0x15d startup.o

.debug_abbrev   0x00000000      0x659
 .debug_abbrev  0x00000000       0xb4 alarm_driver.o
 .debug_abbrev  0x000000b4       0xb4 alarm_monitor.o
 .debug_abbrev  0x00000168       0xb5 driver.o
 .debug_abbrev  0x0000021d      0x1d8 main.o
 .debug_abbrev  0x000003f5       0xdd main_algo.o
 .debug_abbrev  0x000004d2       0xc1 pressure_sensor_driver.o
 .debug_abbrev  0x00000593       0xc6 startup.o

.debug_loc      0x00000000      0x638
 .debug_loc     0x00000000      0x150 alarm_driver.o
 .debug_loc     0x00000150       0xf8 alarm_monitor.o
 .debug_loc     0x00000248      0x140 driver.o
 .debug_loc     0x00000388       0x70 main.o
 .debug_loc     0x000003f8      0x110 main_algo.o
 .debug_loc     0x00000508       0xb4 pressure_sensor_driver.o
 .debug_loc     0x000005bc       0x7c startup.o

.debug_aranges  0x00000000       0xe0
 .debug_aranges
                0x00000000       0x20 alarm_driver.o
 .debug_aranges
                0x00000020       0x20 alarm_monitor.o
 .debug_aranges
                0x00000040       0x20 driver.o
 .debug_aranges
                0x00000060       0x20 main.o
 .debug_aranges
                0x00000080       0x20 main_algo.o
 .debug_aranges
                0x000000a0       0x20 pressure_sensor_driver.o
 .debug_aranges
                0x000000c0       0x20 startup.o

.debug_line     0x00000000      0x4c7
 .debug_line    0x00000000       0x66 alarm_driver.o
 .debug_line    0x00000066       0x61 alarm_monitor.o
 .debug_line    0x000000c7      0x12a driver.o
 .debug_line    0x000001f1      0x18f main.o
 .debug_line    0x00000380       0x5b main_algo.o
 .debug_line    0x000003db       0x85 pressure_sensor_driver.o
 .debug_line    0x00000460       0x67 startup.o

.debug_str      0x00000000      0x85b
 .debug_str     0x00000000      0x1f5 alarm_driver.o
                                0x28a (size before relaxing)
 .debug_str     0x000001f5       0x7f alarm_monitor.o
                                0x224 (size before relaxing)
 .debug_str     0x00000274       0x4e driver.o
                                0x1ce (size before relaxing)
 .debug_str     0x000002c2      0x426 main.o
                                0x731 (size before relaxing)
 .debug_str     0x000006e8       0x74 main_algo.o
                                0x24e (size before relaxing)
 .debug_str     0x0000075c       0x83 pressure_sensor_driver.o
                                0x29a (size before relaxing)
 .debug_str     0x000007df       0x7c startup.o
                                0x181 (size before relaxing)

.comment        0x00000000       0x7e
 .comment       0x00000000       0x7e alarm_driver.o
                                 0x7f (size before relaxing)
 .comment       0x0000007e       0x7f alarm_monitor.o
 .comment       0x0000007e       0x7f driver.o
 .comment       0x0000007e       0x7f main.o
 .comment       0x0000007e       0x7f main_algo.o
 .comment       0x0000007e       0x7f pressure_sensor_driver.o
 .comment       0x0000007e       0x7f startup.o

.ARM.attributes
                0x00000000       0x33
 .ARM.attributes
                0x00000000       0x33 alarm_driver.o
 .ARM.attributes
                0x00000033       0x33 alarm_monitor.o
 .ARM.attributes
                0x00000066       0x33 driver.o
 .ARM.attributes
                0x00000099       0x33 main.o
 .ARM.attributes
                0x000000cc       0x33 main_algo.o
 .ARM.attributes
                0x000000ff       0x33 pressure_sensor_driver.o
 .ARM.attributes
                0x00000132       0x33 startup.o

.debug_frame    0x00000000      0x38c
 .debug_frame   0x00000000       0xc4 alarm_driver.o
 .debug_frame   0x000000c4       0x8c alarm_monitor.o
 .debug_frame   0x00000150       0xa0 driver.o
 .debug_frame   0x000001f0       0x4c main.o
 .debug_frame   0x0000023c       0x94 main_algo.o
 .debug_frame   0x000002d0       0x6c pressure_sensor_driver.o
 .debug_frame   0x0000033c       0x50 startup.o
